// Jest Snapshot v1, https://goo.gl/fbAQLP

exports[`Navbar display should match snapshot 1`] = `[Function]`;
